[0.662s] Invoking command in '/home/chichi/Documents/cs5335/hw2/build/day2pkg': DEBUGINFOD_URLS=https://debuginfod.ubuntu.com PYTHONPATH=/home/chichi/Documents/cs5335/hw2/build/day2pkg/prefix_override:/usr/lib/python3/dist-packages/colcon_core/task/python/colcon_distutils_commands:/home/chichi/Documents/cs5335/hw2/install/day2pkg/lib/python3.12/site-packages:${PYTHONPATH} /usr/bin/python3 -W ignore:setup.py install is deprecated -W ignore:easy_install command is deprecated setup.py develop --editable --build-directory /home/chichi/Documents/cs5335/hw2/build/day2pkg/build --no-deps symlink_data
[0.796s] running develop
[0.874s] running egg_info
[0.881s] writing day2pkg.egg-info/PKG-INFO
[0.881s] writing dependency_links to day2pkg.egg-info/dependency_links.txt
[0.882s] writing entry points to day2pkg.egg-info/entry_points.txt
[0.882s] writing requirements to day2pkg.egg-info/requires.txt
[0.882s] writing top-level names to day2pkg.egg-info/top_level.txt
[0.898s] reading manifest file 'day2pkg.egg-info/SOURCES.txt'
[0.899s] writing manifest file 'day2pkg.egg-info/SOURCES.txt'
[0.907s] running build_ext
[0.907s] Creating /home/chichi/Documents/cs5335/hw2/install/day2pkg/lib/python3.12/site-packages/day2pkg.egg-link (link to .)
[0.909s] Installing node1 script to /home/chichi/Documents/cs5335/hw2/install/day2pkg/lib/day2pkg
[0.909s] Installing node2 script to /home/chichi/Documents/cs5335/hw2/install/day2pkg/lib/day2pkg
[0.909s] Installing node3 script to /home/chichi/Documents/cs5335/hw2/install/day2pkg/lib/day2pkg
[0.909s] Installing node4 script to /home/chichi/Documents/cs5335/hw2/install/day2pkg/lib/day2pkg
[0.909s] 
[0.909s] Installed /home/chichi/Documents/cs5335/hw2/build/day2pkg
[0.909s] running symlink_data
[0.924s] Invoked command in '/home/chichi/Documents/cs5335/hw2/build/day2pkg' returned '0': DEBUGINFOD_URLS=https://debuginfod.ubuntu.com PYTHONPATH=/home/chichi/Documents/cs5335/hw2/build/day2pkg/prefix_override:/usr/lib/python3/dist-packages/colcon_core/task/python/colcon_distutils_commands:/home/chichi/Documents/cs5335/hw2/install/day2pkg/lib/python3.12/site-packages:${PYTHONPATH} /usr/bin/python3 -W ignore:setup.py install is deprecated -W ignore:easy_install command is deprecated setup.py develop --editable --build-directory /home/chichi/Documents/cs5335/hw2/build/day2pkg/build --no-deps symlink_data
