[0.150s] DEBUG:colcon:Command line arguments: ['/usr/bin/colcon', 'build']
[0.150s] DEBUG:colcon:Parsed command line arguments: Namespace(log_base=None, log_level=None, verb_name='build', build_base='build', install_base='install', merge_install=False, symlink_install=False, test_result_base=None, continue_on_error=False, executor='parallel', parallel_workers=2, event_handlers=None, ignore_user_meta=False, metas=['./colcon.meta'], base_paths=['.'], packages_ignore=None, packages_ignore_regex=None, paths=None, packages_up_to=None, packages_up_to_regex=None, packages_above=None, packages_above_and_dependencies=None, packages_above_depth=None, packages_select_by_dep=None, packages_skip_by_dep=None, packages_skip_up_to=None, packages_select_build_failed=False, packages_skip_build_finished=False, packages_select_test_failures=False, packages_skip_test_passed=False, packages_select=None, packages_skip=None, packages_select_regex=None, packages_skip_regex=None, packages_start=None, packages_end=None, allow_overriding=[], cmake_args=None, cmake_target=None, cmake_target_skip_unavailable=False, cmake_clean_cache=False, cmake_clean_first=False, cmake_force_configure=False, ament_cmake_args=None, catkin_cmake_args=None, catkin_skip_building_tests=False, mixin_files=None, mixin=None, verb_parser=<colcon_mixin.mixin.mixin_argument.MixinArgumentDecorator object at 0x73fb2bfc1df0>, verb_extension=<colcon_core.verb.build.BuildVerb object at 0x73fb2bfc1ac0>, main=<bound method BuildVerb.main of <colcon_core.verb.build.BuildVerb object at 0x73fb2bfc1ac0>>, mixin_verb=('build',))
[0.225s] Level 1:colcon.colcon_core.package_discovery:discover_packages(colcon_meta) check parameters
[0.225s] Level 1:colcon.colcon_core.package_discovery:discover_packages(recursive) check parameters
[0.225s] Level 1:colcon.colcon_core.package_discovery:discover_packages(ignore) check parameters
[0.225s] Level 1:colcon.colcon_core.package_discovery:discover_packages(path) check parameters
[0.227s] Level 1:colcon.colcon_core.package_discovery:discover_packages(colcon_meta) discover
[0.227s] Level 1:colcon.colcon_core.package_discovery:discover_packages(recursive) discover
[0.227s] INFO:colcon.colcon_core.package_discovery:Crawling recursively for packages in '/home/vaishnavichaughule/ros'
[0.227s] Level 1:colcon.colcon_core.package_identification:_identify(.) by extensions ['ignore', 'ignore_ament_install']
[0.227s] Level 1:colcon.colcon_core.package_identification:_identify(.) by extension 'ignore'
[0.227s] Level 1:colcon.colcon_core.package_identification:_identify(.) by extension 'ignore_ament_install'
[0.227s] Level 1:colcon.colcon_core.package_identification:_identify(.) by extensions ['colcon_pkg']
[0.227s] Level 1:colcon.colcon_core.package_identification:_identify(.) by extension 'colcon_pkg'
[0.228s] Level 1:colcon.colcon_core.package_identification:_identify(.) by extensions ['colcon_meta']
[0.228s] Level 1:colcon.colcon_core.package_identification:_identify(.) by extension 'colcon_meta'
[0.228s] Level 1:colcon.colcon_core.package_identification:_identify(.) by extensions ['ros']
[0.228s] Level 1:colcon.colcon_core.package_identification:_identify(.) by extension 'ros'
[0.297s] Level 1:colcon.colcon_core.package_identification:_identify(.) by extensions ['cmake', 'python']
[0.297s] Level 1:colcon.colcon_core.package_identification:_identify(.) by extension 'cmake'
[0.297s] Level 1:colcon.colcon_core.package_identification:_identify(.) by extension 'python'
[0.298s] Level 1:colcon.colcon_core.package_identification:_identify(.) by extensions ['python_setup_py']
[0.298s] Level 1:colcon.colcon_core.package_identification:_identify(.) by extension 'python_setup_py'
[0.298s] Level 1:colcon.colcon_core.package_identification:_identify(build) by extensions ['ignore', 'ignore_ament_install']
[0.298s] Level 1:colcon.colcon_core.package_identification:_identify(build) by extension 'ignore'
[0.298s] Level 1:colcon.colcon_core.package_identification:_identify(build) ignored
[0.298s] Level 1:colcon.colcon_core.package_identification:_identify(install) by extensions ['ignore', 'ignore_ament_install']
[0.299s] Level 1:colcon.colcon_core.package_identification:_identify(install) by extension 'ignore'
[0.299s] Level 1:colcon.colcon_core.package_identification:_identify(install) ignored
[0.299s] Level 1:colcon.colcon_core.package_identification:_identify(log) by extensions ['ignore', 'ignore_ament_install']
[0.299s] Level 1:colcon.colcon_core.package_identification:_identify(log) by extension 'ignore'
[0.299s] Level 1:colcon.colcon_core.package_identification:_identify(log) ignored
[0.301s] Level 1:colcon.colcon_core.package_identification:_identify(src) by extensions ['ignore', 'ignore_ament_install']
[0.301s] Level 1:colcon.colcon_core.package_identification:_identify(src) by extension 'ignore'
[0.301s] Level 1:colcon.colcon_core.package_identification:_identify(src) by extension 'ignore_ament_install'
[0.301s] Level 1:colcon.colcon_core.package_identification:_identify(src) by extensions ['colcon_pkg']
[0.301s] Level 1:colcon.colcon_core.package_identification:_identify(src) by extension 'colcon_pkg'
[0.301s] Level 1:colcon.colcon_core.package_identification:_identify(src) by extensions ['colcon_meta']
[0.301s] Level 1:colcon.colcon_core.package_identification:_identify(src) by extension 'colcon_meta'
[0.301s] Level 1:colcon.colcon_core.package_identification:_identify(src) by extensions ['ros']
[0.301s] Level 1:colcon.colcon_core.package_identification:_identify(src) by extension 'ros'
[0.302s] Level 1:colcon.colcon_core.package_identification:_identify(src) by extensions ['cmake', 'python']
[0.302s] Level 1:colcon.colcon_core.package_identification:_identify(src) by extension 'cmake'
[0.302s] Level 1:colcon.colcon_core.package_identification:_identify(src) by extension 'python'
[0.302s] Level 1:colcon.colcon_core.package_identification:_identify(src) by extensions ['python_setup_py']
[0.302s] Level 1:colcon.colcon_core.package_identification:_identify(src) by extension 'python_setup_py'
[0.302s] Level 1:colcon.colcon_core.package_identification:_identify(src/day2pkg) by extensions ['ignore', 'ignore_ament_install']
[0.302s] Level 1:colcon.colcon_core.package_identification:_identify(src/day2pkg) by extension 'ignore'
[0.302s] Level 1:colcon.colcon_core.package_identification:_identify(src/day2pkg) by extension 'ignore_ament_install'
[0.302s] Level 1:colcon.colcon_core.package_identification:_identify(src/day2pkg) by extensions ['colcon_pkg']
[0.302s] Level 1:colcon.colcon_core.package_identification:_identify(src/day2pkg) by extension 'colcon_pkg'
[0.304s] Level 1:colcon.colcon_core.package_identification:_identify(src/day2pkg) by extensions ['colcon_meta']
[0.304s] Level 1:colcon.colcon_core.package_identification:_identify(src/day2pkg) by extension 'colcon_meta'
[0.304s] Level 1:colcon.colcon_core.package_identification:_identify(src/day2pkg) by extensions ['ros']
[0.304s] Level 1:colcon.colcon_core.package_identification:_identify(src/day2pkg) by extension 'ros'
[0.309s] DEBUG:colcon.colcon_core.package_identification:Package 'src/day2pkg' with type 'ros.ament_python' and name 'day2pkg'
[0.312s] Level 1:colcon.colcon_core.package_discovery:discover_packages(recursive) using defaults
[0.312s] Level 1:colcon.colcon_core.package_discovery:discover_packages(ignore) discover
[0.312s] Level 1:colcon.colcon_core.package_discovery:discover_packages(ignore) using defaults
[0.312s] Level 1:colcon.colcon_core.package_discovery:discover_packages(path) discover
[0.312s] Level 1:colcon.colcon_core.package_discovery:discover_packages(path) using defaults
[0.349s] Level 1:colcon.colcon_core.package_discovery:discover_packages(prefix_path) check parameters
[0.349s] Level 1:colcon.colcon_core.package_discovery:discover_packages(prefix_path) discover
[0.351s] DEBUG:colcon.colcon_installed_package_information.package_discovery:Found 1 installed packages in /home/vaishnavichaughule/ros/install
[0.355s] DEBUG:colcon.colcon_installed_package_information.package_discovery:Found 476 installed packages in /opt/ros/jazzy
[0.357s] Level 1:colcon.colcon_core.package_discovery:discover_packages(prefix_path) using defaults
[0.431s] Level 5:colcon.colcon_core.verb:set package 'day2pkg' build argument 'cmake_args' from command line to 'None'
[0.431s] Level 5:colcon.colcon_core.verb:set package 'day2pkg' build argument 'cmake_target' from command line to 'None'
[0.431s] Level 5:colcon.colcon_core.verb:set package 'day2pkg' build argument 'cmake_target_skip_unavailable' from command line to 'False'
[0.431s] Level 5:colcon.colcon_core.verb:set package 'day2pkg' build argument 'cmake_clean_cache' from command line to 'False'
[0.431s] Level 5:colcon.colcon_core.verb:set package 'day2pkg' build argument 'cmake_clean_first' from command line to 'False'
[0.431s] Level 5:colcon.colcon_core.verb:set package 'day2pkg' build argument 'cmake_force_configure' from command line to 'False'
[0.431s] Level 5:colcon.colcon_core.verb:set package 'day2pkg' build argument 'ament_cmake_args' from command line to 'None'
[0.431s] Level 5:colcon.colcon_core.verb:set package 'day2pkg' build argument 'catkin_cmake_args' from command line to 'None'
[0.431s] Level 5:colcon.colcon_core.verb:set package 'day2pkg' build argument 'catkin_skip_building_tests' from command line to 'False'
[0.432s] DEBUG:colcon.colcon_core.verb:Building package 'day2pkg' with the following arguments: {'ament_cmake_args': None, 'build_base': '/home/vaishnavichaughule/ros/build/day2pkg', 'catkin_cmake_args': None, 'catkin_skip_building_tests': False, 'cmake_args': None, 'cmake_clean_cache': False, 'cmake_clean_first': False, 'cmake_force_configure': False, 'cmake_target': None, 'cmake_target_skip_unavailable': False, 'install_base': '/home/vaishnavichaughule/ros/install/day2pkg', 'merge_install': False, 'path': '/home/vaishnavichaughule/ros/src/day2pkg', 'symlink_install': False, 'test_result_base': None}
[0.432s] INFO:colcon.colcon_core.executor:Executing jobs using 'parallel' executor
[0.434s] DEBUG:colcon.colcon_parallel_executor.executor.parallel:run_until_complete
[0.434s] INFO:colcon.colcon_ros.task.ament_python.build:Building ROS package in '/home/vaishnavichaughule/ros/src/day2pkg' with build type 'ament_python'
[0.434s] Level 1:colcon.colcon_core.shell:create_environment_hook('day2pkg', 'ament_prefix_path')
[0.437s] INFO:colcon.colcon_core.plugin_system:Skipping extension 'colcon_core.shell.bat': Not used on non-Windows systems
[0.438s] INFO:colcon.colcon_core.shell:Creating environment hook '/home/vaishnavichaughule/ros/install/day2pkg/share/day2pkg/hook/ament_prefix_path.ps1'
[0.439s] INFO:colcon.colcon_core.shell:Creating environment descriptor '/home/vaishnavichaughule/ros/install/day2pkg/share/day2pkg/hook/ament_prefix_path.dsv'
[0.440s] INFO:colcon.colcon_core.shell:Creating environment hook '/home/vaishnavichaughule/ros/install/day2pkg/share/day2pkg/hook/ament_prefix_path.sh'
[0.442s] INFO:colcon.colcon_core.shell:Skip shell extension 'powershell' for command environment: Not usable outside of PowerShell
[0.442s] DEBUG:colcon.colcon_core.shell:Skip shell extension 'dsv' for command environment
[0.754s] INFO:colcon.colcon_core.task.python.build:Building Python package in '/home/vaishnavichaughule/ros/src/day2pkg'
[0.754s] INFO:colcon.colcon_core.shell:Skip shell extension 'powershell' for command environment: Not usable outside of PowerShell
[0.754s] DEBUG:colcon.colcon_core.shell:Skip shell extension 'dsv' for command environment
[1.544s] DEBUG:colcon.colcon_core.task.python.build:Available setuptools commands: install_egg_info, install_lib, editable_wheel, upload_docs, test, build_py, bdist_wheel, bdist_egg, init_catalog, install_scripts, saveopts, build_clib, dist_info, egg_info, symlink_data, extract_messages, build, bdist_dumb, build_scripts, develop, install_headers, install_data, bdist_rpm, rotate, easy_install, alias, upload, install, update_catalog, register, build_ext, sdist, setopt, bdist, clean, compile_catalog, check
[1.546s] DEBUG:colcon.colcon_core.event_handler.log_command:Invoking command in '/home/vaishnavichaughule/ros/src/day2pkg': DEBUGINFOD_URLS=https://debuginfod.ubuntu.com PYTHONPATH=/home/vaishnavichaughule/ros/build/day2pkg/prefix_override:/usr/lib/python3/dist-packages/colcon_core/task/python/colcon_distutils_commands:/home/vaishnavichaughule/ros/install/day2pkg/lib/python3.12/site-packages:${PYTHONPATH} /usr/bin/python3 -W ignore:setup.py install is deprecated -W ignore:easy_install command is deprecated setup.py egg_info --egg-base ../../build/day2pkg build --build-base /home/vaishnavichaughule/ros/build/day2pkg/build install --record /home/vaishnavichaughule/ros/build/day2pkg/install.log --install-scripts $base/lib/day2pkg --single-version-externally-managed install_data
[2.278s] DEBUG:colcon.colcon_core.event_handler.log_command:Invoked command in '/home/vaishnavichaughule/ros/src/day2pkg' returned '0': DEBUGINFOD_URLS=https://debuginfod.ubuntu.com PYTHONPATH=/home/vaishnavichaughule/ros/build/day2pkg/prefix_override:/usr/lib/python3/dist-packages/colcon_core/task/python/colcon_distutils_commands:/home/vaishnavichaughule/ros/install/day2pkg/lib/python3.12/site-packages:${PYTHONPATH} /usr/bin/python3 -W ignore:setup.py install is deprecated -W ignore:easy_install command is deprecated setup.py egg_info --egg-base ../../build/day2pkg build --build-base /home/vaishnavichaughule/ros/build/day2pkg/build install --record /home/vaishnavichaughule/ros/build/day2pkg/install.log --install-scripts $base/lib/day2pkg --single-version-externally-managed install_data
[2.281s] Level 1:colcon.colcon_core.environment:checking '/home/vaishnavichaughule/ros/install/day2pkg' for CMake module files
[2.282s] Level 1:colcon.colcon_core.environment:checking '/home/vaishnavichaughule/ros/install/day2pkg' for CMake config files
[2.283s] Level 1:colcon.colcon_core.environment:checking '/home/vaishnavichaughule/ros/install/day2pkg/lib'
[2.283s] Level 1:colcon.colcon_core.environment:checking '/home/vaishnavichaughule/ros/install/day2pkg/bin'
[2.283s] Level 1:colcon.colcon_core.environment:checking '/home/vaishnavichaughule/ros/install/day2pkg/lib/pkgconfig/day2pkg.pc'
[2.283s] Level 1:colcon.colcon_core.environment:checking '/home/vaishnavichaughule/ros/install/day2pkg/lib/python3.12/site-packages'
[2.283s] Level 1:colcon.colcon_core.shell:create_environment_hook('day2pkg', 'pythonpath')
[2.284s] INFO:colcon.colcon_core.shell:Creating environment hook '/home/vaishnavichaughule/ros/install/day2pkg/share/day2pkg/hook/pythonpath.ps1'
[2.284s] INFO:colcon.colcon_core.shell:Creating environment descriptor '/home/vaishnavichaughule/ros/install/day2pkg/share/day2pkg/hook/pythonpath.dsv'
[2.285s] INFO:colcon.colcon_core.shell:Creating environment hook '/home/vaishnavichaughule/ros/install/day2pkg/share/day2pkg/hook/pythonpath.sh'
[2.287s] Level 1:colcon.colcon_core.environment:checking '/home/vaishnavichaughule/ros/install/day2pkg/bin'
[2.287s] Level 1:colcon.colcon_core.environment:create_environment_scripts_only(day2pkg)
[2.287s] INFO:colcon.colcon_core.shell:Creating package script '/home/vaishnavichaughule/ros/install/day2pkg/share/day2pkg/package.ps1'
[2.289s] INFO:colcon.colcon_core.shell:Creating package descriptor '/home/vaishnavichaughule/ros/install/day2pkg/share/day2pkg/package.dsv'
[2.290s] INFO:colcon.colcon_core.shell:Creating package script '/home/vaishnavichaughule/ros/install/day2pkg/share/day2pkg/package.sh'
[2.292s] INFO:colcon.colcon_core.shell:Creating package script '/home/vaishnavichaughule/ros/install/day2pkg/share/day2pkg/package.bash'
[2.293s] INFO:colcon.colcon_core.shell:Creating package script '/home/vaishnavichaughule/ros/install/day2pkg/share/day2pkg/package.zsh'
[2.294s] Level 1:colcon.colcon_core.environment:create_file_with_runtime_dependencies(/home/vaishnavichaughule/ros/install/day2pkg/share/colcon-core/packages/day2pkg)
[2.295s] DEBUG:colcon.colcon_parallel_executor.executor.parallel:closing loop
[2.296s] DEBUG:colcon.colcon_parallel_executor.executor.parallel:loop closed
[2.296s] DEBUG:colcon.colcon_parallel_executor.executor.parallel:run_until_complete finished with '0'
[2.296s] DEBUG:colcon.colcon_core.event_reactor:joining thread
[2.322s] INFO:colcon.colcon_core.plugin_system:Skipping extension 'colcon_notification.desktop_notification.terminal_notifier': Not used on non-Darwin systems
[2.322s] INFO:colcon.colcon_core.plugin_system:Skipping extension 'colcon_notification.desktop_notification.win32': Not used on non-Windows systems
[2.322s] INFO:colcon.colcon_notification.desktop_notification:Sending desktop notification using 'notify2'
[2.348s] DEBUG:colcon.colcon_core.event_reactor:joined thread
[2.348s] INFO:colcon.colcon_core.shell:Creating prefix script '/home/vaishnavichaughule/ros/install/local_setup.ps1'
[2.351s] INFO:colcon.colcon_core.shell:Creating prefix util module '/home/vaishnavichaughule/ros/install/_local_setup_util_ps1.py'
[2.353s] INFO:colcon.colcon_core.shell:Creating prefix chain script '/home/vaishnavichaughule/ros/install/setup.ps1'
[2.354s] INFO:colcon.colcon_core.shell:Creating prefix script '/home/vaishnavichaughule/ros/install/local_setup.sh'
[2.356s] INFO:colcon.colcon_core.shell:Creating prefix util module '/home/vaishnavichaughule/ros/install/_local_setup_util_sh.py'
[2.358s] INFO:colcon.colcon_core.shell:Creating prefix chain script '/home/vaishnavichaughule/ros/install/setup.sh'
[2.359s] INFO:colcon.colcon_core.shell:Creating prefix script '/home/vaishnavichaughule/ros/install/local_setup.bash'
[2.360s] INFO:colcon.colcon_core.shell:Creating prefix chain script '/home/vaishnavichaughule/ros/install/setup.bash'
[2.362s] INFO:colcon.colcon_core.shell:Creating prefix script '/home/vaishnavichaughule/ros/install/local_setup.zsh'
[2.363s] INFO:colcon.colcon_core.shell:Creating prefix chain script '/home/vaishnavichaughule/ros/install/setup.zsh'
