[0.764s] Invoking command in '/home/chichi/Documents/cs5335/hw2/build/day2pkg': DEBUGINFOD_URLS=https://debuginfod.ubuntu.com PYTHONPATH=/home/chichi/Documents/cs5335/hw2/build/day2pkg/prefix_override:/usr/lib/python3/dist-packages/colcon_core/task/python/colcon_distutils_commands:/home/chichi/Documents/cs5335/hw2/install/day2pkg/lib/python3.12/site-packages:${PYTHONPATH} /usr/bin/python3 -W ignore:setup.py install is deprecated -W ignore:easy_install command is deprecated setup.py develop --editable --build-directory /home/chichi/Documents/cs5335/hw2/build/day2pkg/build --no-deps symlink_data
[0.984s] running develop
[1.082s] running egg_info
[1.092s] writing day2pkg.egg-info/PKG-INFO
[1.092s] writing dependency_links to day2pkg.egg-info/dependency_links.txt
[1.092s] writing entry points to day2pkg.egg-info/entry_points.txt
[1.092s] writing requirements to day2pkg.egg-info/requires.txt
[1.092s] writing top-level names to day2pkg.egg-info/top_level.txt
[1.111s] reading manifest file 'day2pkg.egg-info/SOURCES.txt'
[1.111s] writing manifest file 'day2pkg.egg-info/SOURCES.txt'
[1.124s] running build_ext
[1.124s] Creating /home/chichi/Documents/cs5335/hw2/install/day2pkg/lib/python3.12/site-packages/day2pkg.egg-link (link to .)
[1.124s] Installing node1 script to /home/chichi/Documents/cs5335/hw2/install/day2pkg/lib/day2pkg
[1.124s] Installing node2 script to /home/chichi/Documents/cs5335/hw2/install/day2pkg/lib/day2pkg
[1.125s] Installing node3 script to /home/chichi/Documents/cs5335/hw2/install/day2pkg/lib/day2pkg
[1.125s] Installing node4 script to /home/chichi/Documents/cs5335/hw2/install/day2pkg/lib/day2pkg
[1.125s] 
[1.125s] Installed /home/chichi/Documents/cs5335/hw2/build/day2pkg
[1.126s] running symlink_data
[1.148s] Invoked command in '/home/chichi/Documents/cs5335/hw2/build/day2pkg' returned '0': DEBUGINFOD_URLS=https://debuginfod.ubuntu.com PYTHONPATH=/home/chichi/Documents/cs5335/hw2/build/day2pkg/prefix_override:/usr/lib/python3/dist-packages/colcon_core/task/python/colcon_distutils_commands:/home/chichi/Documents/cs5335/hw2/install/day2pkg/lib/python3.12/site-packages:${PYTHONPATH} /usr/bin/python3 -W ignore:setup.py install is deprecated -W ignore:easy_install command is deprecated setup.py develop --editable --build-directory /home/chichi/Documents/cs5335/hw2/build/day2pkg/build --no-deps symlink_data
