[0.798s] Invoking command in '/home/chichi/Documents/cs5335/hw2/build/day2pkg': DEBUGINFOD_URLS=https://debuginfod.ubuntu.com PYTHONPATH=/home/chichi/Documents/cs5335/hw2/build/day2pkg/prefix_override:/usr/lib/python3/dist-packages/colcon_core/task/python/colcon_distutils_commands:/home/chichi/Documents/cs5335/hw2/install/day2pkg/lib/python3.12/site-packages:${PYTHONPATH} /usr/bin/python3 -W ignore:setup.py install is deprecated -W ignore:easy_install command is deprecated setup.py develop --editable --build-directory /home/chichi/Documents/cs5335/hw2/build/day2pkg/build --no-deps symlink_data
[0.928s] running develop
[1.001s] running egg_info
[1.001s] creating day2pkg.egg-info
[1.008s] writing day2pkg.egg-info/PKG-INFO
[1.008s] writing dependency_links to day2pkg.egg-info/dependency_links.txt
[1.008s] writing requirements to day2pkg.egg-info/requires.txt
[1.008s] writing top-level names to day2pkg.egg-info/top_level.txt
[1.008s] writing manifest file 'day2pkg.egg-info/SOURCES.txt'
[1.022s] reading manifest file 'day2pkg.egg-info/SOURCES.txt'
[1.023s] writing manifest file 'day2pkg.egg-info/SOURCES.txt'
[1.030s] running build_ext
[1.030s] Creating /home/chichi/Documents/cs5335/hw2/install/day2pkg/lib/python3.12/site-packages/day2pkg.egg-link (link to .)
[1.030s] 
[1.031s] Installed /home/chichi/Documents/cs5335/hw2/build/day2pkg
[1.031s] running symlink_data
[1.031s] creating /home/chichi/Documents/cs5335/hw2/install/day2pkg/share/ament_index
[1.031s] creating /home/chichi/Documents/cs5335/hw2/install/day2pkg/share/ament_index/resource_index
[1.031s] creating /home/chichi/Documents/cs5335/hw2/install/day2pkg/share/ament_index/resource_index/packages
[1.031s] symbolically linking /home/chichi/Documents/cs5335/hw2/build/day2pkg/resource/day2pkg -> /home/chichi/Documents/cs5335/hw2/install/day2pkg/share/ament_index/resource_index/packages
[1.031s] symbolically linking /home/chichi/Documents/cs5335/hw2/build/day2pkg/package.xml -> /home/chichi/Documents/cs5335/hw2/install/day2pkg/share/day2pkg
[1.048s] Invoked command in '/home/chichi/Documents/cs5335/hw2/build/day2pkg' returned '0': DEBUGINFOD_URLS=https://debuginfod.ubuntu.com PYTHONPATH=/home/chichi/Documents/cs5335/hw2/build/day2pkg/prefix_override:/usr/lib/python3/dist-packages/colcon_core/task/python/colcon_distutils_commands:/home/chichi/Documents/cs5335/hw2/install/day2pkg/lib/python3.12/site-packages:${PYTHONPATH} /usr/bin/python3 -W ignore:setup.py install is deprecated -W ignore:easy_install command is deprecated setup.py develop --editable --build-directory /home/chichi/Documents/cs5335/hw2/build/day2pkg/build --no-deps symlink_data
