[0.054s] DEBUG:colcon:Command line arguments: ['/usr/bin/colcon', 'build', '--packages-select', 'day2pkg', '--symlink-install']
[0.054s] DEBUG:colcon:Parsed command line arguments: Namespace(log_base=None, log_level=None, verb_name='build', build_base='build', install_base='install', merge_install=False, symlink_install=True, test_result_base=None, continue_on_error=False, executor='parallel', parallel_workers=2, event_handlers=None, ignore_user_meta=False, metas=['./colcon.meta'], base_paths=['.'], packages_ignore=None, packages_ignore_regex=None, paths=None, packages_up_to=None, packages_up_to_regex=None, packages_above=None, packages_above_and_dependencies=None, packages_above_depth=None, packages_select_by_dep=None, packages_skip_by_dep=None, packages_skip_up_to=None, packages_select_build_failed=False, packages_skip_build_finished=False, packages_select_test_failures=False, packages_skip_test_passed=False, packages_select=['day2pkg'], packages_skip=None, packages_select_regex=None, packages_skip_regex=None, packages_start=None, packages_end=None, allow_overriding=[], cmake_args=None, cmake_target=None, cmake_target_skip_unavailable=False, cmake_clean_cache=False, cmake_clean_first=False, cmake_force_configure=False, ament_cmake_args=None, catkin_cmake_args=None, catkin_skip_building_tests=False, mixin_files=None, mixin=None, verb_parser=<colcon_mixin.mixin.mixin_argument.MixinArgumentDecorator object at 0xe1adb4ef11f0>, verb_extension=<colcon_core.verb.build.BuildVerb object at 0xe1adb5c13b30>, main=<bound method BuildVerb.main of <colcon_core.verb.build.BuildVerb object at 0xe1adb5c13b30>>, mixin_verb=('build',))
[0.072s] Level 1:colcon.colcon_core.package_discovery:discover_packages(colcon_meta) check parameters
[0.072s] Level 1:colcon.colcon_core.package_discovery:discover_packages(recursive) check parameters
[0.072s] Level 1:colcon.colcon_core.package_discovery:discover_packages(ignore) check parameters
[0.072s] Level 1:colcon.colcon_core.package_discovery:discover_packages(path) check parameters
[0.072s] Level 1:colcon.colcon_core.package_discovery:discover_packages(colcon_meta) discover
[0.072s] Level 1:colcon.colcon_core.package_discovery:discover_packages(recursive) discover
[0.072s] INFO:colcon.colcon_core.package_discovery:Crawling recursively for packages in '/home/chichi/Documents/cs5335/hw2'
[0.072s] Level 1:colcon.colcon_core.package_identification:_identify(.) by extensions ['ignore', 'ignore_ament_install']
[0.072s] Level 1:colcon.colcon_core.package_identification:_identify(.) by extension 'ignore'
[0.072s] Level 1:colcon.colcon_core.package_identification:_identify(.) by extension 'ignore_ament_install'
[0.072s] Level 1:colcon.colcon_core.package_identification:_identify(.) by extensions ['colcon_pkg']
[0.072s] Level 1:colcon.colcon_core.package_identification:_identify(.) by extension 'colcon_pkg'
[0.072s] Level 1:colcon.colcon_core.package_identification:_identify(.) by extensions ['colcon_meta']
[0.072s] Level 1:colcon.colcon_core.package_identification:_identify(.) by extension 'colcon_meta'
[0.072s] Level 1:colcon.colcon_core.package_identification:_identify(.) by extensions ['ros']
[0.072s] Level 1:colcon.colcon_core.package_identification:_identify(.) by extension 'ros'
[0.086s] Level 1:colcon.colcon_core.package_identification:_identify(.) by extensions ['cmake', 'python']
[0.086s] Level 1:colcon.colcon_core.package_identification:_identify(.) by extension 'cmake'
[0.086s] Level 1:colcon.colcon_core.package_identification:_identify(.) by extension 'python'
[0.086s] Level 1:colcon.colcon_core.package_identification:_identify(.) by extensions ['python_setup_py']
[0.086s] Level 1:colcon.colcon_core.package_identification:_identify(.) by extension 'python_setup_py'
[0.086s] Level 1:colcon.colcon_core.package_identification:_identify(build) by extensions ['ignore', 'ignore_ament_install']
[0.086s] Level 1:colcon.colcon_core.package_identification:_identify(build) by extension 'ignore'
[0.086s] Level 1:colcon.colcon_core.package_identification:_identify(build) ignored
[0.086s] Level 1:colcon.colcon_core.package_identification:_identify(install) by extensions ['ignore', 'ignore_ament_install']
[0.086s] Level 1:colcon.colcon_core.package_identification:_identify(install) by extension 'ignore'
[0.086s] Level 1:colcon.colcon_core.package_identification:_identify(install) ignored
[0.086s] Level 1:colcon.colcon_core.package_identification:_identify(log) by extensions ['ignore', 'ignore_ament_install']
[0.086s] Level 1:colcon.colcon_core.package_identification:_identify(log) by extension 'ignore'
[0.086s] Level 1:colcon.colcon_core.package_identification:_identify(log) ignored
[0.086s] Level 1:colcon.colcon_core.package_identification:_identify(src) by extensions ['ignore', 'ignore_ament_install']
[0.086s] Level 1:colcon.colcon_core.package_identification:_identify(src) by extension 'ignore'
[0.086s] Level 1:colcon.colcon_core.package_identification:_identify(src) by extension 'ignore_ament_install'
[0.086s] Level 1:colcon.colcon_core.package_identification:_identify(src) by extensions ['colcon_pkg']
[0.086s] Level 1:colcon.colcon_core.package_identification:_identify(src) by extension 'colcon_pkg'
[0.086s] Level 1:colcon.colcon_core.package_identification:_identify(src) by extensions ['colcon_meta']
[0.086s] Level 1:colcon.colcon_core.package_identification:_identify(src) by extension 'colcon_meta'
[0.086s] Level 1:colcon.colcon_core.package_identification:_identify(src) by extensions ['ros']
[0.086s] Level 1:colcon.colcon_core.package_identification:_identify(src) by extension 'ros'
[0.086s] Level 1:colcon.colcon_core.package_identification:_identify(src) by extensions ['cmake', 'python']
[0.086s] Level 1:colcon.colcon_core.package_identification:_identify(src) by extension 'cmake'
[0.086s] Level 1:colcon.colcon_core.package_identification:_identify(src) by extension 'python'
[0.086s] Level 1:colcon.colcon_core.package_identification:_identify(src) by extensions ['python_setup_py']
[0.086s] Level 1:colcon.colcon_core.package_identification:_identify(src) by extension 'python_setup_py'
[0.086s] Level 1:colcon.colcon_core.package_identification:_identify(src/day2pkg) by extensions ['ignore', 'ignore_ament_install']
[0.086s] Level 1:colcon.colcon_core.package_identification:_identify(src/day2pkg) by extension 'ignore'
[0.086s] Level 1:colcon.colcon_core.package_identification:_identify(src/day2pkg) by extension 'ignore_ament_install'
[0.086s] Level 1:colcon.colcon_core.package_identification:_identify(src/day2pkg) by extensions ['colcon_pkg']
[0.086s] Level 1:colcon.colcon_core.package_identification:_identify(src/day2pkg) by extension 'colcon_pkg'
[0.086s] Level 1:colcon.colcon_core.package_identification:_identify(src/day2pkg) by extensions ['colcon_meta']
[0.086s] Level 1:colcon.colcon_core.package_identification:_identify(src/day2pkg) by extension 'colcon_meta'
[0.086s] Level 1:colcon.colcon_core.package_identification:_identify(src/day2pkg) by extensions ['ros']
[0.086s] Level 1:colcon.colcon_core.package_identification:_identify(src/day2pkg) by extension 'ros'
[0.088s] DEBUG:colcon.colcon_core.package_identification:Package 'src/day2pkg' with type 'ros.ament_python' and name 'day2pkg'
[0.088s] Level 1:colcon.colcon_core.package_discovery:discover_packages(recursive) using defaults
[0.088s] Level 1:colcon.colcon_core.package_discovery:discover_packages(ignore) discover
[0.088s] Level 1:colcon.colcon_core.package_discovery:discover_packages(ignore) using defaults
[0.088s] Level 1:colcon.colcon_core.package_discovery:discover_packages(path) discover
[0.088s] Level 1:colcon.colcon_core.package_discovery:discover_packages(path) using defaults
[0.098s] Level 1:colcon.colcon_core.package_discovery:discover_packages(prefix_path) check parameters
[0.098s] Level 1:colcon.colcon_core.package_discovery:discover_packages(prefix_path) discover
[0.099s] DEBUG:colcon.colcon_installed_package_information.package_discovery:Found 1 installed packages in /home/chichi/Documents/cs5335/hw2/install
[0.100s] DEBUG:colcon.colcon_installed_package_information.package_discovery:Found 474 installed packages in /opt/ros/jazzy
[0.101s] Level 1:colcon.colcon_core.package_discovery:discover_packages(prefix_path) using defaults
[0.127s] Level 5:colcon.colcon_core.verb:set package 'day2pkg' build argument 'cmake_args' from command line to 'None'
[0.127s] Level 5:colcon.colcon_core.verb:set package 'day2pkg' build argument 'cmake_target' from command line to 'None'
[0.127s] Level 5:colcon.colcon_core.verb:set package 'day2pkg' build argument 'cmake_target_skip_unavailable' from command line to 'False'
[0.127s] Level 5:colcon.colcon_core.verb:set package 'day2pkg' build argument 'cmake_clean_cache' from command line to 'False'
[0.127s] Level 5:colcon.colcon_core.verb:set package 'day2pkg' build argument 'cmake_clean_first' from command line to 'False'
[0.127s] Level 5:colcon.colcon_core.verb:set package 'day2pkg' build argument 'cmake_force_configure' from command line to 'False'
[0.127s] Level 5:colcon.colcon_core.verb:set package 'day2pkg' build argument 'ament_cmake_args' from command line to 'None'
[0.127s] Level 5:colcon.colcon_core.verb:set package 'day2pkg' build argument 'catkin_cmake_args' from command line to 'None'
[0.127s] Level 5:colcon.colcon_core.verb:set package 'day2pkg' build argument 'catkin_skip_building_tests' from command line to 'False'
[0.127s] DEBUG:colcon.colcon_core.verb:Building package 'day2pkg' with the following arguments: {'ament_cmake_args': None, 'build_base': '/home/chichi/Documents/cs5335/hw2/build/day2pkg', 'catkin_cmake_args': None, 'catkin_skip_building_tests': False, 'cmake_args': None, 'cmake_clean_cache': False, 'cmake_clean_first': False, 'cmake_force_configure': False, 'cmake_target': None, 'cmake_target_skip_unavailable': False, 'install_base': '/home/chichi/Documents/cs5335/hw2/install/day2pkg', 'merge_install': False, 'path': '/home/chichi/Documents/cs5335/hw2/src/day2pkg', 'symlink_install': True, 'test_result_base': None}
[0.127s] INFO:colcon.colcon_core.executor:Executing jobs using 'parallel' executor
[0.128s] DEBUG:colcon.colcon_parallel_executor.executor.parallel:run_until_complete
[0.128s] INFO:colcon.colcon_ros.task.ament_python.build:Building ROS package in '/home/chichi/Documents/cs5335/hw2/src/day2pkg' with build type 'ament_python'
[0.128s] Level 1:colcon.colcon_core.shell:create_environment_hook('day2pkg', 'ament_prefix_path')
[0.130s] INFO:colcon.colcon_core.plugin_system:Skipping extension 'colcon_core.shell.bat': Not used on non-Windows systems
[0.130s] INFO:colcon.colcon_core.shell:Creating environment hook '/home/chichi/Documents/cs5335/hw2/install/day2pkg/share/day2pkg/hook/ament_prefix_path.ps1'
[0.131s] INFO:colcon.colcon_core.shell:Creating environment descriptor '/home/chichi/Documents/cs5335/hw2/install/day2pkg/share/day2pkg/hook/ament_prefix_path.dsv'
[0.131s] INFO:colcon.colcon_core.shell:Creating environment hook '/home/chichi/Documents/cs5335/hw2/install/day2pkg/share/day2pkg/hook/ament_prefix_path.sh'
[0.131s] INFO:colcon.colcon_core.shell:Skip shell extension 'powershell' for command environment: Not usable outside of PowerShell
[0.131s] DEBUG:colcon.colcon_core.shell:Skip shell extension 'dsv' for command environment
[0.300s] INFO:colcon.colcon_core.task.python.build:Building Python package in '/home/chichi/Documents/cs5335/hw2/src/day2pkg'
[0.300s] INFO:colcon.colcon_core.shell:Skip shell extension 'powershell' for command environment: Not usable outside of PowerShell
[0.300s] DEBUG:colcon.colcon_core.shell:Skip shell extension 'dsv' for command environment
[0.777s] DEBUG:colcon.colcon_core.task.python.build:Available setuptools commands: install_data, build, egg_info, saveopts, bdist_wheel, bdist_rpm, update_catalog, dist_info, install_egg_info, install_lib, extract_messages, install, bdist_egg, bdist, alias, symlink_data, upload_docs, rotate, install_scripts, sdist, build_ext, editable_wheel, check, install_headers, easy_install, build_scripts, upload, build_py, compile_catalog, develop, setopt, register, clean, bdist_dumb, build_clib, test, init_catalog
[0.925s] DEBUG:colcon.colcon_core.task.python.build:Available setuptools 'develop' options: --multi-version, --editable, --upgrade, --optimize, --find-links, --force-installation-into-system-dir, --install-dir, --egg-path, --version, --uninstall, --no-deps, --install-layout, --no-find-links, --allow-hosts, --zip-ok, --build-directory, --user, --verbose, --index-url, --always-copy, --no-user-cfg, --local-snapshots-ok, --quiet, --script-dir, --prefix, --dry-run, --always-unzip, --exclude-scripts, --record, --help, --site-dirs
[0.927s] DEBUG:colcon.colcon_core.event_handler.log_command:Invoking command in '/home/chichi/Documents/cs5335/hw2/build/day2pkg': DEBUGINFOD_URLS=https://debuginfod.ubuntu.com PYTHONPATH=/home/chichi/Documents/cs5335/hw2/build/day2pkg/prefix_override:/usr/lib/python3/dist-packages/colcon_core/task/python/colcon_distutils_commands:/home/chichi/Documents/cs5335/hw2/install/day2pkg/lib/python3.12/site-packages:${PYTHONPATH} /usr/bin/python3 -W ignore:setup.py install is deprecated -W ignore:easy_install command is deprecated setup.py develop --editable --build-directory /home/chichi/Documents/cs5335/hw2/build/day2pkg/build --no-deps symlink_data
[1.181s] Level 1:colcon.colcon_core.shell:create_environment_hook('day2pkg', 'pythonpath_develop')
[1.181s] INFO:colcon.colcon_core.shell:Creating environment hook '/home/chichi/Documents/cs5335/hw2/build/day2pkg/share/day2pkg/hook/pythonpath_develop.ps1'
[1.181s] DEBUG:colcon.colcon_core.event_handler.log_command:Invoked command in '/home/chichi/Documents/cs5335/hw2/build/day2pkg' returned '0': DEBUGINFOD_URLS=https://debuginfod.ubuntu.com PYTHONPATH=/home/chichi/Documents/cs5335/hw2/build/day2pkg/prefix_override:/usr/lib/python3/dist-packages/colcon_core/task/python/colcon_distutils_commands:/home/chichi/Documents/cs5335/hw2/install/day2pkg/lib/python3.12/site-packages:${PYTHONPATH} /usr/bin/python3 -W ignore:setup.py install is deprecated -W ignore:easy_install command is deprecated setup.py develop --editable --build-directory /home/chichi/Documents/cs5335/hw2/build/day2pkg/build --no-deps symlink_data
[1.181s] INFO:colcon.colcon_core.shell:Creating environment descriptor '/home/chichi/Documents/cs5335/hw2/build/day2pkg/share/day2pkg/hook/pythonpath_develop.dsv'
[1.182s] INFO:colcon.colcon_core.shell:Creating environment hook '/home/chichi/Documents/cs5335/hw2/build/day2pkg/share/day2pkg/hook/pythonpath_develop.sh'
[1.183s] Level 1:colcon.colcon_core.environment:checking '/home/chichi/Documents/cs5335/hw2/install/day2pkg' for CMake module files
[1.183s] Level 1:colcon.colcon_core.environment:checking '/home/chichi/Documents/cs5335/hw2/install/day2pkg' for CMake config files
[1.183s] Level 1:colcon.colcon_core.environment:checking '/home/chichi/Documents/cs5335/hw2/install/day2pkg/lib'
[1.183s] Level 1:colcon.colcon_core.environment:checking '/home/chichi/Documents/cs5335/hw2/install/day2pkg/bin'
[1.183s] Level 1:colcon.colcon_core.environment:checking '/home/chichi/Documents/cs5335/hw2/install/day2pkg/lib/pkgconfig/day2pkg.pc'
[1.183s] Level 1:colcon.colcon_core.environment:checking '/home/chichi/Documents/cs5335/hw2/install/day2pkg/lib/python3.12/site-packages'
[1.183s] Level 1:colcon.colcon_core.shell:create_environment_hook('day2pkg', 'pythonpath')
[1.183s] INFO:colcon.colcon_core.shell:Creating environment hook '/home/chichi/Documents/cs5335/hw2/install/day2pkg/share/day2pkg/hook/pythonpath.ps1'
[1.184s] INFO:colcon.colcon_core.shell:Creating environment descriptor '/home/chichi/Documents/cs5335/hw2/install/day2pkg/share/day2pkg/hook/pythonpath.dsv'
[1.184s] INFO:colcon.colcon_core.shell:Creating environment hook '/home/chichi/Documents/cs5335/hw2/install/day2pkg/share/day2pkg/hook/pythonpath.sh'
[1.184s] Level 1:colcon.colcon_core.environment:checking '/home/chichi/Documents/cs5335/hw2/install/day2pkg/bin'
[1.184s] Level 1:colcon.colcon_core.environment:create_environment_scripts_only(day2pkg)
[1.184s] INFO:colcon.colcon_core.shell:Creating package script '/home/chichi/Documents/cs5335/hw2/install/day2pkg/share/day2pkg/package.ps1'
[1.185s] INFO:colcon.colcon_core.shell:Creating package descriptor '/home/chichi/Documents/cs5335/hw2/install/day2pkg/share/day2pkg/package.dsv'
[1.185s] INFO:colcon.colcon_core.shell:Creating package script '/home/chichi/Documents/cs5335/hw2/install/day2pkg/share/day2pkg/package.sh'
[1.185s] INFO:colcon.colcon_core.shell:Creating package script '/home/chichi/Documents/cs5335/hw2/install/day2pkg/share/day2pkg/package.bash'
[1.185s] INFO:colcon.colcon_core.shell:Creating package script '/home/chichi/Documents/cs5335/hw2/install/day2pkg/share/day2pkg/package.zsh'
[1.186s] Level 1:colcon.colcon_core.environment:create_file_with_runtime_dependencies(/home/chichi/Documents/cs5335/hw2/install/day2pkg/share/colcon-core/packages/day2pkg)
[1.186s] DEBUG:colcon.colcon_parallel_executor.executor.parallel:closing loop
[1.186s] DEBUG:colcon.colcon_parallel_executor.executor.parallel:loop closed
[1.186s] DEBUG:colcon.colcon_parallel_executor.executor.parallel:run_until_complete finished with '0'
[1.186s] DEBUG:colcon.colcon_core.event_reactor:joining thread
[1.189s] INFO:colcon.colcon_core.plugin_system:Skipping extension 'colcon_notification.desktop_notification.terminal_notifier': Not used on non-Darwin systems
[1.189s] INFO:colcon.colcon_core.plugin_system:Skipping extension 'colcon_notification.desktop_notification.win32': Not used on non-Windows systems
[1.189s] INFO:colcon.colcon_notification.desktop_notification:Sending desktop notification using 'notify2'
[1.219s] DEBUG:colcon.colcon_core.event_reactor:joined thread
[1.219s] INFO:colcon.colcon_core.shell:Creating prefix script '/home/chichi/Documents/cs5335/hw2/install/local_setup.ps1'
[1.220s] INFO:colcon.colcon_core.shell:Creating prefix util module '/home/chichi/Documents/cs5335/hw2/install/_local_setup_util_ps1.py'
[1.222s] INFO:colcon.colcon_core.shell:Creating prefix chain script '/home/chichi/Documents/cs5335/hw2/install/setup.ps1'
[1.223s] INFO:colcon.colcon_core.shell:Creating prefix script '/home/chichi/Documents/cs5335/hw2/install/local_setup.sh'
[1.223s] INFO:colcon.colcon_core.shell:Creating prefix util module '/home/chichi/Documents/cs5335/hw2/install/_local_setup_util_sh.py'
[1.224s] INFO:colcon.colcon_core.shell:Creating prefix chain script '/home/chichi/Documents/cs5335/hw2/install/setup.sh'
[1.231s] INFO:colcon.colcon_core.shell:Creating prefix script '/home/chichi/Documents/cs5335/hw2/install/local_setup.bash'
[1.231s] INFO:colcon.colcon_core.shell:Creating prefix chain script '/home/chichi/Documents/cs5335/hw2/install/setup.bash'
[1.231s] INFO:colcon.colcon_core.shell:Creating prefix script '/home/chichi/Documents/cs5335/hw2/install/local_setup.zsh'
[1.231s] INFO:colcon.colcon_core.shell:Creating prefix chain script '/home/chichi/Documents/cs5335/hw2/install/setup.zsh'
