[0.072s] DEBUG:colcon:Command line arguments: ['/usr/bin/colcon', 'build']
[0.072s] DEBUG:colcon:Parsed command line arguments: Namespace(log_base=None, log_level=None, verb_name='build', build_base='build', install_base='install', merge_install=False, symlink_install=False, test_result_base=None, continue_on_error=False, executor='parallel', parallel_workers=2, event_handlers=None, ignore_user_meta=False, metas=['./colcon.meta'], base_paths=['.'], packages_ignore=None, packages_ignore_regex=None, paths=None, packages_up_to=None, packages_up_to_regex=None, packages_above=None, packages_above_and_dependencies=None, packages_above_depth=None, packages_select_by_dep=None, packages_skip_by_dep=None, packages_skip_up_to=None, packages_select_build_failed=False, packages_skip_build_finished=False, packages_select_test_failures=False, packages_skip_test_passed=False, packages_select=None, packages_skip=None, packages_select_regex=None, packages_skip_regex=None, packages_start=None, packages_end=None, allow_overriding=[], cmake_args=None, cmake_target=None, cmake_target_skip_unavailable=False, cmake_clean_cache=False, cmake_clean_first=False, cmake_force_configure=False, ament_cmake_args=None, catkin_cmake_args=None, catkin_skip_building_tests=False, mixin_files=None, mixin=None, verb_parser=<colcon_mixin.mixin.mixin_argument.MixinArgumentDecorator object at 0x7ca3895ae000>, verb_extension=<colcon_core.verb.build.BuildVerb object at 0x7ca3895add30>, main=<bound method BuildVerb.main of <colcon_core.verb.build.BuildVerb object at 0x7ca3895add30>>, mixin_verb=('build',))
[0.099s] Level 1:colcon.colcon_core.package_discovery:discover_packages(colcon_meta) check parameters
[0.099s] Level 1:colcon.colcon_core.package_discovery:discover_packages(recursive) check parameters
[0.099s] Level 1:colcon.colcon_core.package_discovery:discover_packages(ignore) check parameters
[0.099s] Level 1:colcon.colcon_core.package_discovery:discover_packages(path) check parameters
[0.099s] Level 1:colcon.colcon_core.package_discovery:discover_packages(colcon_meta) discover
[0.099s] Level 1:colcon.colcon_core.package_discovery:discover_packages(recursive) discover
[0.099s] INFO:colcon.colcon_core.package_discovery:Crawling recursively for packages in '/home/vaishnavichaughule/ros'
[0.099s] Level 1:colcon.colcon_core.package_identification:_identify(.) by extensions ['ignore', 'ignore_ament_install']
[0.099s] Level 1:colcon.colcon_core.package_identification:_identify(.) by extension 'ignore'
[0.099s] Level 1:colcon.colcon_core.package_identification:_identify(.) by extension 'ignore_ament_install'
[0.099s] Level 1:colcon.colcon_core.package_identification:_identify(.) by extensions ['colcon_pkg']
[0.099s] Level 1:colcon.colcon_core.package_identification:_identify(.) by extension 'colcon_pkg'
[0.099s] Level 1:colcon.colcon_core.package_identification:_identify(.) by extensions ['colcon_meta']
[0.099s] Level 1:colcon.colcon_core.package_identification:_identify(.) by extension 'colcon_meta'
[0.099s] Level 1:colcon.colcon_core.package_identification:_identify(.) by extensions ['ros']
[0.099s] Level 1:colcon.colcon_core.package_identification:_identify(.) by extension 'ros'
[0.117s] Level 1:colcon.colcon_core.package_identification:_identify(.) by extensions ['cmake', 'python']
[0.117s] Level 1:colcon.colcon_core.package_identification:_identify(.) by extension 'cmake'
[0.117s] Level 1:colcon.colcon_core.package_identification:_identify(.) by extension 'python'
[0.117s] Level 1:colcon.colcon_core.package_identification:_identify(.) by extensions ['python_setup_py']
[0.117s] Level 1:colcon.colcon_core.package_identification:_identify(.) by extension 'python_setup_py'
[0.117s] Level 1:colcon.colcon_core.package_identification:_identify(build) by extensions ['ignore', 'ignore_ament_install']
[0.117s] Level 1:colcon.colcon_core.package_identification:_identify(build) by extension 'ignore'
[0.117s] Level 1:colcon.colcon_core.package_identification:_identify(build) ignored
[0.117s] Level 1:colcon.colcon_core.package_identification:_identify(install) by extensions ['ignore', 'ignore_ament_install']
[0.117s] Level 1:colcon.colcon_core.package_identification:_identify(install) by extension 'ignore'
[0.117s] Level 1:colcon.colcon_core.package_identification:_identify(install) ignored
[0.117s] Level 1:colcon.colcon_core.package_identification:_identify(log) by extensions ['ignore', 'ignore_ament_install']
[0.117s] Level 1:colcon.colcon_core.package_identification:_identify(log) by extension 'ignore'
[0.117s] Level 1:colcon.colcon_core.package_identification:_identify(log) ignored
[0.117s] Level 1:colcon.colcon_core.package_identification:_identify(src) by extensions ['ignore', 'ignore_ament_install']
[0.117s] Level 1:colcon.colcon_core.package_identification:_identify(src) by extension 'ignore'
[0.117s] Level 1:colcon.colcon_core.package_identification:_identify(src) by extension 'ignore_ament_install'
[0.118s] Level 1:colcon.colcon_core.package_identification:_identify(src) by extensions ['colcon_pkg']
[0.118s] Level 1:colcon.colcon_core.package_identification:_identify(src) by extension 'colcon_pkg'
[0.118s] Level 1:colcon.colcon_core.package_identification:_identify(src) by extensions ['colcon_meta']
[0.118s] Level 1:colcon.colcon_core.package_identification:_identify(src) by extension 'colcon_meta'
[0.118s] Level 1:colcon.colcon_core.package_identification:_identify(src) by extensions ['ros']
[0.118s] Level 1:colcon.colcon_core.package_identification:_identify(src) by extension 'ros'
[0.118s] Level 1:colcon.colcon_core.package_identification:_identify(src) by extensions ['cmake', 'python']
[0.118s] Level 1:colcon.colcon_core.package_identification:_identify(src) by extension 'cmake'
[0.118s] Level 1:colcon.colcon_core.package_identification:_identify(src) by extension 'python'
[0.118s] Level 1:colcon.colcon_core.package_identification:_identify(src) by extensions ['python_setup_py']
[0.118s] Level 1:colcon.colcon_core.package_identification:_identify(src) by extension 'python_setup_py'
[0.118s] Level 1:colcon.colcon_core.package_identification:_identify(src/day2pkg) by extensions ['ignore', 'ignore_ament_install']
[0.118s] Level 1:colcon.colcon_core.package_identification:_identify(src/day2pkg) by extension 'ignore'
[0.118s] Level 1:colcon.colcon_core.package_identification:_identify(src/day2pkg) by extension 'ignore_ament_install'
[0.118s] Level 1:colcon.colcon_core.package_identification:_identify(src/day2pkg) by extensions ['colcon_pkg']
[0.118s] Level 1:colcon.colcon_core.package_identification:_identify(src/day2pkg) by extension 'colcon_pkg'
[0.118s] Level 1:colcon.colcon_core.package_identification:_identify(src/day2pkg) by extensions ['colcon_meta']
[0.118s] Level 1:colcon.colcon_core.package_identification:_identify(src/day2pkg) by extension 'colcon_meta'
[0.118s] Level 1:colcon.colcon_core.package_identification:_identify(src/day2pkg) by extensions ['ros']
[0.118s] Level 1:colcon.colcon_core.package_identification:_identify(src/day2pkg) by extension 'ros'
[0.120s] DEBUG:colcon.colcon_core.package_identification:Package 'src/day2pkg' with type 'ros.ament_python' and name 'day2pkg'
[0.120s] Level 1:colcon.colcon_core.package_discovery:discover_packages(recursive) using defaults
[0.120s] Level 1:colcon.colcon_core.package_discovery:discover_packages(ignore) discover
[0.120s] Level 1:colcon.colcon_core.package_discovery:discover_packages(ignore) using defaults
[0.120s] Level 1:colcon.colcon_core.package_discovery:discover_packages(path) discover
[0.120s] Level 1:colcon.colcon_core.package_discovery:discover_packages(path) using defaults
[0.132s] Level 1:colcon.colcon_core.package_discovery:discover_packages(prefix_path) check parameters
[0.132s] Level 1:colcon.colcon_core.package_discovery:discover_packages(prefix_path) discover
[0.133s] DEBUG:colcon.colcon_installed_package_information.package_discovery:Found 1 installed packages in /home/vaishnavichaughule/ros/install
[0.135s] DEBUG:colcon.colcon_installed_package_information.package_discovery:Found 476 installed packages in /opt/ros/jazzy
[0.136s] Level 1:colcon.colcon_core.package_discovery:discover_packages(prefix_path) using defaults
[0.174s] Level 5:colcon.colcon_core.verb:set package 'day2pkg' build argument 'cmake_args' from command line to 'None'
[0.174s] Level 5:colcon.colcon_core.verb:set package 'day2pkg' build argument 'cmake_target' from command line to 'None'
[0.174s] Level 5:colcon.colcon_core.verb:set package 'day2pkg' build argument 'cmake_target_skip_unavailable' from command line to 'False'
[0.174s] Level 5:colcon.colcon_core.verb:set package 'day2pkg' build argument 'cmake_clean_cache' from command line to 'False'
[0.174s] Level 5:colcon.colcon_core.verb:set package 'day2pkg' build argument 'cmake_clean_first' from command line to 'False'
[0.174s] Level 5:colcon.colcon_core.verb:set package 'day2pkg' build argument 'cmake_force_configure' from command line to 'False'
[0.174s] Level 5:colcon.colcon_core.verb:set package 'day2pkg' build argument 'ament_cmake_args' from command line to 'None'
[0.174s] Level 5:colcon.colcon_core.verb:set package 'day2pkg' build argument 'catkin_cmake_args' from command line to 'None'
[0.174s] Level 5:colcon.colcon_core.verb:set package 'day2pkg' build argument 'catkin_skip_building_tests' from command line to 'False'
[0.175s] DEBUG:colcon.colcon_core.verb:Building package 'day2pkg' with the following arguments: {'ament_cmake_args': None, 'build_base': '/home/vaishnavichaughule/ros/build/day2pkg', 'catkin_cmake_args': None, 'catkin_skip_building_tests': False, 'cmake_args': None, 'cmake_clean_cache': False, 'cmake_clean_first': False, 'cmake_force_configure': False, 'cmake_target': None, 'cmake_target_skip_unavailable': False, 'install_base': '/home/vaishnavichaughule/ros/install/day2pkg', 'merge_install': False, 'path': '/home/vaishnavichaughule/ros/src/day2pkg', 'symlink_install': False, 'test_result_base': None}
[0.175s] INFO:colcon.colcon_core.executor:Executing jobs using 'parallel' executor
[0.175s] DEBUG:colcon.colcon_parallel_executor.executor.parallel:run_until_complete
[0.176s] INFO:colcon.colcon_ros.task.ament_python.build:Building ROS package in '/home/vaishnavichaughule/ros/src/day2pkg' with build type 'ament_python'
[0.176s] Level 1:colcon.colcon_core.shell:create_environment_hook('day2pkg', 'ament_prefix_path')
[0.177s] INFO:colcon.colcon_core.plugin_system:Skipping extension 'colcon_core.shell.bat': Not used on non-Windows systems
[0.177s] INFO:colcon.colcon_core.shell:Creating environment hook '/home/vaishnavichaughule/ros/install/day2pkg/share/day2pkg/hook/ament_prefix_path.ps1'
[0.178s] INFO:colcon.colcon_core.shell:Creating environment descriptor '/home/vaishnavichaughule/ros/install/day2pkg/share/day2pkg/hook/ament_prefix_path.dsv'
[0.178s] INFO:colcon.colcon_core.shell:Creating environment hook '/home/vaishnavichaughule/ros/install/day2pkg/share/day2pkg/hook/ament_prefix_path.sh'
[0.179s] INFO:colcon.colcon_core.shell:Skip shell extension 'powershell' for command environment: Not usable outside of PowerShell
[0.179s] DEBUG:colcon.colcon_core.shell:Skip shell extension 'dsv' for command environment
[0.325s] INFO:colcon.colcon_core.task.python.build:Building Python package in '/home/vaishnavichaughule/ros/src/day2pkg'
[0.325s] INFO:colcon.colcon_core.shell:Skip shell extension 'powershell' for command environment: Not usable outside of PowerShell
[0.325s] DEBUG:colcon.colcon_core.shell:Skip shell extension 'dsv' for command environment
[0.701s] DEBUG:colcon.colcon_core.task.python.build:Available setuptools commands: install_headers, extract_messages, compile_catalog, install_lib, install_data, editable_wheel, build_ext, rotate, bdist, setopt, clean, symlink_data, update_catalog, bdist_egg, install_egg_info, bdist_dumb, upload, install_scripts, check, egg_info, build_py, test, saveopts, upload_docs, sdist, init_catalog, alias, develop, register, easy_install, install, bdist_rpm, build_scripts, dist_info, bdist_wheel, build_clib, build
[0.704s] DEBUG:colcon.colcon_core.event_handler.log_command:Invoking command in '/home/vaishnavichaughule/ros/src/day2pkg': DEBUGINFOD_URLS=https://debuginfod.ubuntu.com PYTHONPATH=/home/vaishnavichaughule/ros/build/day2pkg/prefix_override:/usr/lib/python3/dist-packages/colcon_core/task/python/colcon_distutils_commands:/home/vaishnavichaughule/ros/install/day2pkg/lib/python3.12/site-packages:${PYTHONPATH} /usr/bin/python3 -W ignore:setup.py install is deprecated -W ignore:easy_install command is deprecated setup.py egg_info --egg-base ../../build/day2pkg build --build-base /home/vaishnavichaughule/ros/build/day2pkg/build install --record /home/vaishnavichaughule/ros/build/day2pkg/install.log --install-scripts $base/lib/day2pkg --single-version-externally-managed install_data
[1.044s] DEBUG:colcon.colcon_core.event_handler.log_command:Invoked command in '/home/vaishnavichaughule/ros/src/day2pkg' returned '0': DEBUGINFOD_URLS=https://debuginfod.ubuntu.com PYTHONPATH=/home/vaishnavichaughule/ros/build/day2pkg/prefix_override:/usr/lib/python3/dist-packages/colcon_core/task/python/colcon_distutils_commands:/home/vaishnavichaughule/ros/install/day2pkg/lib/python3.12/site-packages:${PYTHONPATH} /usr/bin/python3 -W ignore:setup.py install is deprecated -W ignore:easy_install command is deprecated setup.py egg_info --egg-base ../../build/day2pkg build --build-base /home/vaishnavichaughule/ros/build/day2pkg/build install --record /home/vaishnavichaughule/ros/build/day2pkg/install.log --install-scripts $base/lib/day2pkg --single-version-externally-managed install_data
[1.046s] Level 1:colcon.colcon_core.environment:checking '/home/vaishnavichaughule/ros/install/day2pkg' for CMake module files
[1.046s] Level 1:colcon.colcon_core.environment:checking '/home/vaishnavichaughule/ros/install/day2pkg' for CMake config files
[1.046s] Level 1:colcon.colcon_core.environment:checking '/home/vaishnavichaughule/ros/install/day2pkg/lib'
[1.047s] Level 1:colcon.colcon_core.environment:checking '/home/vaishnavichaughule/ros/install/day2pkg/bin'
[1.047s] Level 1:colcon.colcon_core.environment:checking '/home/vaishnavichaughule/ros/install/day2pkg/lib/pkgconfig/day2pkg.pc'
[1.047s] Level 1:colcon.colcon_core.environment:checking '/home/vaishnavichaughule/ros/install/day2pkg/lib/python3.12/site-packages'
[1.047s] Level 1:colcon.colcon_core.shell:create_environment_hook('day2pkg', 'pythonpath')
[1.047s] INFO:colcon.colcon_core.shell:Creating environment hook '/home/vaishnavichaughule/ros/install/day2pkg/share/day2pkg/hook/pythonpath.ps1'
[1.048s] INFO:colcon.colcon_core.shell:Creating environment descriptor '/home/vaishnavichaughule/ros/install/day2pkg/share/day2pkg/hook/pythonpath.dsv'
[1.048s] INFO:colcon.colcon_core.shell:Creating environment hook '/home/vaishnavichaughule/ros/install/day2pkg/share/day2pkg/hook/pythonpath.sh'
[1.049s] Level 1:colcon.colcon_core.environment:checking '/home/vaishnavichaughule/ros/install/day2pkg/bin'
[1.049s] Level 1:colcon.colcon_core.environment:create_environment_scripts_only(day2pkg)
[1.049s] INFO:colcon.colcon_core.shell:Creating package script '/home/vaishnavichaughule/ros/install/day2pkg/share/day2pkg/package.ps1'
[1.050s] INFO:colcon.colcon_core.shell:Creating package descriptor '/home/vaishnavichaughule/ros/install/day2pkg/share/day2pkg/package.dsv'
[1.050s] INFO:colcon.colcon_core.shell:Creating package script '/home/vaishnavichaughule/ros/install/day2pkg/share/day2pkg/package.sh'
[1.051s] INFO:colcon.colcon_core.shell:Creating package script '/home/vaishnavichaughule/ros/install/day2pkg/share/day2pkg/package.bash'
[1.052s] INFO:colcon.colcon_core.shell:Creating package script '/home/vaishnavichaughule/ros/install/day2pkg/share/day2pkg/package.zsh'
[1.052s] Level 1:colcon.colcon_core.environment:create_file_with_runtime_dependencies(/home/vaishnavichaughule/ros/install/day2pkg/share/colcon-core/packages/day2pkg)
[1.053s] DEBUG:colcon.colcon_parallel_executor.executor.parallel:closing loop
[1.053s] DEBUG:colcon.colcon_parallel_executor.executor.parallel:loop closed
[1.053s] DEBUG:colcon.colcon_parallel_executor.executor.parallel:run_until_complete finished with '0'
[1.053s] DEBUG:colcon.colcon_core.event_reactor:joining thread
[1.068s] INFO:colcon.colcon_core.plugin_system:Skipping extension 'colcon_notification.desktop_notification.terminal_notifier': Not used on non-Darwin systems
[1.069s] INFO:colcon.colcon_core.plugin_system:Skipping extension 'colcon_notification.desktop_notification.win32': Not used on non-Windows systems
[1.069s] INFO:colcon.colcon_notification.desktop_notification:Sending desktop notification using 'notify2'
[1.090s] DEBUG:colcon.colcon_core.event_reactor:joined thread
[1.091s] INFO:colcon.colcon_core.shell:Creating prefix script '/home/vaishnavichaughule/ros/install/local_setup.ps1'
[1.092s] INFO:colcon.colcon_core.shell:Creating prefix util module '/home/vaishnavichaughule/ros/install/_local_setup_util_ps1.py'
[1.094s] INFO:colcon.colcon_core.shell:Creating prefix chain script '/home/vaishnavichaughule/ros/install/setup.ps1'
[1.095s] INFO:colcon.colcon_core.shell:Creating prefix script '/home/vaishnavichaughule/ros/install/local_setup.sh'
[1.095s] INFO:colcon.colcon_core.shell:Creating prefix util module '/home/vaishnavichaughule/ros/install/_local_setup_util_sh.py'
[1.095s] INFO:colcon.colcon_core.shell:Creating prefix chain script '/home/vaishnavichaughule/ros/install/setup.sh'
[1.096s] INFO:colcon.colcon_core.shell:Creating prefix script '/home/vaishnavichaughule/ros/install/local_setup.bash'
[1.097s] INFO:colcon.colcon_core.shell:Creating prefix chain script '/home/vaishnavichaughule/ros/install/setup.bash'
[1.098s] INFO:colcon.colcon_core.shell:Creating prefix script '/home/vaishnavichaughule/ros/install/local_setup.zsh'
[1.098s] INFO:colcon.colcon_core.shell:Creating prefix chain script '/home/vaishnavichaughule/ros/install/setup.zsh'
